// Jest Snapshot v1, https://goo.gl/fbAQLP

exports[`App Renders without crashing 1`] = `ShallowWrapper {}`;
